---
source: app/src/parser/transactions.rs
expression: reduced
input_file: app/src/parser/testvectors/p_export_to_x2.json
---
[
    "Export Tx": "X to P Chain",
    "Amount": "0.000012345 METAL to ",
    "Address": "tahoe12yp9cc0melq83a5nxnurf0nd6fk4t224mfhqcr",
    "Fee(METAL)": "0.123432099",
]
