---
source: app/src/parser/transactions.rs
expression: reduced
input_file: app/src/parser/testvectors/no_decimal.json
---
[
    "Transfer": "Transaction",
    "Transfer": "1 METAL to ",
    "Address": "tahoe12yp9cc0melq83a5nxnurf0nd6fk4t224mfhqcr",
    "Fee(METAL)": "1",
]
