---
source: app/src/parser/transactions.rs
expression: reduced
input_file: app/src/parser/testvectors/p_import_from_x2.json
---
[
    "ImportTx": "Sending",
    "Amount": "0.000012345 METAL to ",
    "Address": "tahoe1cv6yz28qvqfgah34yw3y53su39p6kzzes5cjy5",
    "From ": "P Chain",
    "Fee(METAL)": "0.246901233",
]
